Modules list:
-------------
nsf.o:
    CODE              Offs=000000  Size=000000  Align=00001  Fill=0000
    RODATA            Offs=000000  Size=000000  Align=00001  Fill=0000
    BSS               Offs=000000  Size=000000  Align=00001  Fill=0000
    DATA              Offs=000000  Size=000000  Align=00001  Fill=0000
    ZEROPAGE          Offs=000000  Size=000000  Align=00001  Fill=0000
    NULL              Offs=000000  Size=000000  Align=00001  Fill=0000
    HEADER            Offs=000000  Size=000080  Align=00001  Fill=0000
crt0.o:
    CODE              Offs=000000  Size=000000  Align=00001  Fill=0000
    RODATA            Offs=000000  Size=000000  Align=00001  Fill=0000
    BSS               Offs=000000  Size=000000  Align=00001  Fill=0000
    DATA              Offs=000000  Size=000000  Align=00001  Fill=0000
    ZEROPAGE          Offs=000000  Size=000000  Align=00001  Fill=0000
    NULL              Offs=000000  Size=000000  Align=00001  Fill=0000
    STARTUP           Offs=000000  Size=00005E  Align=00001  Fill=0000
    VECTORS           Offs=000000  Size=000006  Align=00001  Fill=0000
nmi_main.o:
    CODE              Offs=000000  Size=000000  Align=00001  Fill=0000
    RODATA            Offs=000000  Size=000000  Align=00001  Fill=0000
    BSS               Offs=000000  Size=000000  Align=00001  Fill=0000
    DATA              Offs=000000  Size=000000  Align=00001  Fill=0000
    ZEROPAGE          Offs=000000  Size=000000  Align=00001  Fill=0000
    NULL              Offs=000000  Size=000000  Align=00001  Fill=0000
    LOWCODE           Offs=000000  Size=000060  Align=00001  Fill=0000
irq_main.o:
    CODE              Offs=000000  Size=000000  Align=00001  Fill=0000
    RODATA            Offs=000000  Size=000000  Align=00001  Fill=0000
    BSS               Offs=000000  Size=000000  Align=00001  Fill=0000
    DATA              Offs=000000  Size=000000  Align=00001  Fill=0000
    ZEROPAGE          Offs=000000  Size=000000  Align=00001  Fill=0000
    NULL              Offs=000000  Size=000000  Align=00001  Fill=0000
    LOWCODE           Offs=000060  Size=00000B  Align=00001  Fill=0000
main_nsf.o:
    CODE              Offs=000000  Size=00001F  Align=00001  Fill=0000
    RODATA            Offs=000000  Size=000004  Align=00001  Fill=0000
    BSS               Offs=000000  Size=000000  Align=00001  Fill=0000
    DATA              Offs=000000  Size=000000  Align=00001  Fill=0000
    ZEROPAGE          Offs=000000  Size=000000  Align=00001  Fill=0000
    NULL              Offs=000000  Size=000000  Align=00001  Fill=0000
drv.o:
    CODE              Offs=00001F  Size=000CB5  Align=00001  Fill=0000
    RODATA            Offs=000004  Size=000024  Align=00001  Fill=0000
    BSS               Offs=000000  Size=00044F  Align=00001  Fill=0000
    DATA              Offs=000000  Size=000000  Align=00001  Fill=0000
    ZEROPAGE          Offs=000000  Size=000004  Align=00001  Fill=0000
    NULL              Offs=000000  Size=000000  Align=00001  Fill=0000
data_nsf.o:
    CODE              Offs=000CD4  Size=000000  Align=00001  Fill=0000
    RODATA            Offs=000028  Size=000000  Align=00001  Fill=0000
    BSS               Offs=00044F  Size=000000  Align=00001  Fill=0000
    DATA              Offs=000000  Size=000000  Align=00001  Fill=0000
    ZEROPAGE          Offs=000004  Size=000000  Align=00001  Fill=0000
    NULL              Offs=000000  Size=000000  Align=00001  Fill=0000
    MUSDATA           Offs=000000  Size=000003  Align=00001  Fill=0000
    PCMDATA           Offs=000000  Size=000004  Align=00001  Fill=0000
    CHARS             Offs=000000  Size=000000  Align=00001  Fill=0000


Segment list:
-------------
Name                   Start     End    Size  Align
----------------------------------------------------
CHARS                 000000  000000  000000  00001
DATA                  000000  000000  000000  00001
HEADER                000000  00007F  000080  00001
NULL                  000000  000000  000000  00001
ZEROPAGE              000000  000003  000004  00001
BSS                   000200  00064E  00044F  00001
STARTUP               008000  00805D  00005E  00001
LOWCODE               00805E  0080C8  00006B  00001
CODE                  0080C9  008D9C  000CD4  00001
RODATA                008D9D  008DC4  000028  00001
MUSDATA               008DD0  008DD2  000003  00001
PCMDATA               00C000  00C003  000004  00001
VECTORS               00FFFA  00FFFF  000006  00001


Exports list by name:
---------------------
IRQ_main                  0080BE RLA    NMI_main                  00805E RLA    
_BGM0                     008DD0 RLA    _DPCMinfo                 00C000 RLA    
__BSS_LOAD__              000200  LA    __BSS_RUN__               000200  LA    
__BSS_SIZE__              00044F  EA    __CODE_LOAD__             0080C9  LA    
__CODE_RUN__              0080C9  LA    __CODE_SIZE__             000CD4  EA    
__MUSDATA_LOAD__          008DD0  LA    __MUSDATA_RUN__           008DD0  LA    
__MUSDATA_SIZE__          000003  EA    __PCMDATA_LOAD__          00C000  LA    
__PCMDATA_RUN__           00C000  LA    __PCMDATA_SIZE__          000004  EA    
__RAM_FILEOFFS__          008080  EA    __RAM_LAST__              00064F  LA    
__RAM_SIZE__              000600  EA    __RAM_START__             000200  LA    
__RODATA_LOAD__           008D9D  LA    __RODATA_RUN__            008D9D  LA    
__RODATA_SIZE__           000028  EA    __ROM0_FILEOFFS__         000080  EA    
__ROM0_LAST__             008DC5  LA    __ROM0_SIZE__             000DD0  EA    
__ROM0_START__            008000  LA    __ROMD_FILEOFFS__         000E50  EA    
__ROMD_LAST__             008DD3  LA    __ROMD_SIZE__             003230  EA    
__ROMD_START__            008DD0  LA    __ROMP_FILEOFFS__         004080  EA    
__ROMP_LAST__             00C004  LA    __ROMP_SIZE__             003FFA  EA    
__ROMP_START__            00C000  LA    __STACK_FILEOFFS__        008080  EA    
__STACK_LAST__            000100  LA    __STACK_SIZE__            000200 REA    
__STACK_START__           000100 RLA    __STARTUP_LOAD__          008000  LA    
__STARTUP_RUN__           008000  LA    __STARTUP_SIZE__          00005E  EA    
__ZP_FILEOFFS__           000000  EA    __ZP_LAST__               000004  LA    
__ZP_SIZE__               000100  EA    __ZP_START__              000000  LA    
__cc                      0005B0 RLA    __hh                      0005B3 RLA    
__mm                      0005B2 RLA    __ss                      0005B1 RLA    
_init                     0080CD  LA    _main                     0080C9 RLA    
_play                     0080E5  LA    drv_init                  00810F RLA    
drv_main                  0080E8 RLA    drv_sndreq                008191 RLA    
exit                      00802B  LA    set_dpcm                  008200 RLA    



Exports list by value:
----------------------
__ZP_START__              000000  LA    __ZP_FILEOFFS__           000000  EA    
__MUSDATA_SIZE__          000003  EA    __ZP_LAST__               000004  LA    
__PCMDATA_SIZE__          000004  EA    __RODATA_SIZE__           000028  EA    
__STARTUP_SIZE__          00005E  EA    __ROM0_FILEOFFS__         000080  EA    
__STACK_LAST__            000100  LA    __STACK_START__           000100 RLA    
__ZP_SIZE__               000100  EA    __RAM_START__             000200  LA    
__STACK_SIZE__            000200 REA    __BSS_RUN__               000200  LA    
__BSS_LOAD__              000200  LA    __BSS_SIZE__              00044F  EA    
__cc                      0005B0 RLA    __ss                      0005B1 RLA    
__mm                      0005B2 RLA    __hh                      0005B3 RLA    
__RAM_SIZE__              000600  EA    __RAM_LAST__              00064F  LA    
__CODE_SIZE__             000CD4  EA    __ROM0_SIZE__             000DD0  EA    
__ROMD_FILEOFFS__         000E50  EA    __ROMD_SIZE__             003230  EA    
__ROMP_SIZE__             003FFA  EA    __ROMP_FILEOFFS__         004080  EA    
__STARTUP_LOAD__          008000  LA    __STARTUP_RUN__           008000  LA    
__ROM0_START__            008000  LA    exit                      00802B  LA    
NMI_main                  00805E RLA    __STACK_FILEOFFS__        008080  EA    
__RAM_FILEOFFS__          008080  EA    IRQ_main                  0080BE RLA    
__CODE_LOAD__             0080C9  LA    _main                     0080C9 RLA    
__CODE_RUN__              0080C9  LA    _init                     0080CD  LA    
_play                     0080E5  LA    drv_main                  0080E8 RLA    
drv_init                  00810F RLA    drv_sndreq                008191 RLA    
set_dpcm                  008200 RLA    __RODATA_LOAD__           008D9D  LA    
__RODATA_RUN__            008D9D  LA    __ROM0_LAST__             008DC5  LA    
__ROMD_START__            008DD0  LA    _BGM0                     008DD0 RLA    
__MUSDATA_LOAD__          008DD0  LA    __MUSDATA_RUN__           008DD0  LA    
__ROMD_LAST__             008DD3  LA    __PCMDATA_RUN__           00C000  LA    
__ROMP_START__            00C000  LA    __PCMDATA_LOAD__          00C000  LA    
_DPCMinfo                 00C000 RLA    __ROMP_LAST__             00C004  LA    



Imports list:
-------------
IRQ_main (irq_main.o):
    crt0.o                    crt0.s:13
NMI_main (nmi_main.o):
    crt0.o                    crt0.s:12
_BGM0 (data_nsf.o):
    main_nsf.o                main_nsf.s:11
_DPCMinfo (data_nsf.o):
    main_nsf.o                main_nsf.s:10
__BSS_LOAD__ ([linker generated]):
__BSS_RUN__ ([linker generated]):
__BSS_SIZE__ ([linker generated]):
__CODE_LOAD__ ([linker generated]):
__CODE_RUN__ ([linker generated]):
__CODE_SIZE__ ([linker generated]):
__MUSDATA_LOAD__ ([linker generated]):
__MUSDATA_RUN__ ([linker generated]):
__MUSDATA_SIZE__ ([linker generated]):
__PCMDATA_LOAD__ ([linker generated]):
__PCMDATA_RUN__ ([linker generated]):
__PCMDATA_SIZE__ ([linker generated]):
__RAM_FILEOFFS__ ([linker generated]):
__RAM_LAST__ ([linker generated]):
__RAM_SIZE__ ([linker generated]):
__RAM_START__ ([linker generated]):
__RODATA_LOAD__ ([linker generated]):
__RODATA_RUN__ ([linker generated]):
__RODATA_SIZE__ ([linker generated]):
__ROM0_FILEOFFS__ ([linker generated]):
__ROM0_LAST__ ([linker generated]):
__ROM0_SIZE__ ([linker generated]):
__ROM0_START__ ([linker generated]):
__ROMD_FILEOFFS__ ([linker generated]):
__ROMD_LAST__ ([linker generated]):
__ROMD_SIZE__ ([linker generated]):
__ROMD_START__ ([linker generated]):
__ROMP_FILEOFFS__ ([linker generated]):
__ROMP_LAST__ ([linker generated]):
__ROMP_SIZE__ ([linker generated]):
__ROMP_START__ ([linker generated]):
__STACK_FILEOFFS__ ([linker generated]):
__STACK_LAST__ ([linker generated]):
__STACK_SIZE__ ([linker generated]):
    crt0.o                    crt0.s:19
__STACK_START__ ([linker generated]):
    crt0.o                    crt0.s:19
__STARTUP_LOAD__ ([linker generated]):
__STARTUP_RUN__ ([linker generated]):
__STARTUP_SIZE__ ([linker generated]):
__ZP_FILEOFFS__ ([linker generated]):
__ZP_LAST__ ([linker generated]):
__ZP_SIZE__ ([linker generated]):
__ZP_START__ ([linker generated]):
__cc (drv.o):
    nmi_main.o                nmi_main.s:5
__hh (drv.o):
    nmi_main.o                nmi_main.s:8
__mm (drv.o):
    nmi_main.o                nmi_main.s:7
__ss (drv.o):
    nmi_main.o                nmi_main.s:6
_init (main_nsf.o):
_main (main_nsf.o):
    crt0.o                    crt0.s:11
_play (main_nsf.o):
drv_init (drv.o):
    main_nsf.o                main_nsf.s:6
drv_main (drv.o):
    main_nsf.o                main_nsf.s:8
    nmi_main.o                nmi_main.s:3
drv_sndreq (drv.o):
    main_nsf.o                main_nsf.s:7
exit (crt0.o):
set_dpcm (drv.o):
    main_nsf.o                main_nsf.s:9

